JetBrains Amper version 0.9.2 (80094bb, 2025-12-11)
running on Linux 6.8.0-1044-azure jvm arch amd64

00:05.282 INFO  :dice-roller:compileJvm   JvmCompileTask            Compiling module 'dice-roller' for platform 'jvm'...
00:14.868 ERROR :dice-roller:compileJvm   KotlinBuildToolsApiKt     file:///workspaces/2850MiniProject/dice-roller/src/Application.kt:5:8 Unresolved reference 'DataFrame'.
00:14.872 ERROR :dice-roller:compileJvm   KotlinBuildToolsApiKt     file:///workspaces/2850MiniProject/dice-roller/src/Application.kt:7:5 Unresolved reference 'Application'.
00:14.875 ERROR :dice-roller:compileJvm   KotlinBuildToolsApiKt     file:///workspaces/2850MiniProject/dice-roller/src/Application.kt:8:5 Unresolved reference 'configureErrorHandling'.
00:14.877 ERROR :dice-roller:compileJvm   KotlinBuildToolsApiKt     file:///workspaces/2850MiniProject/dice-roller/src/Application.kt:9:5 Unresolved reference 'configureRouting'.
00:14.879 ERROR :dice-roller:compileJvm   KotlinBuildToolsApiKt     file:///workspaces/2850MiniProject/dice-roller/src/Application.kt:17:17 Unresolved reference 'DataFrame'.
00:14.884 ERROR :dice-roller:compileJvm   KotlinBuildToolsApiKt     file:///workspaces/2850MiniProject/dice-roller/src/Routing.kt:43:17 Unresolved reference 'getBooks'.
00:14.890 ERROR :dice-roller:compileJvm   KotlinBuildToolsApiKt     file:///workspaces/2850MiniProject/dice-roller/src/Routing.kt:53:13 Expression is treated as a trailing lambda argument; consider separating it from the call with semicolon.
00:14.892 ERROR :dice-roller:compileJvm   KotlinBuildToolsApiKt     file:///workspaces/2850MiniProject/dice-roller/src/Routing.kt:53:14 Syntax error: Expecting an element.
00:14.894 ERROR :dice-roller:compileJvm   KotlinBuildToolsApiKt     file:///workspaces/2850MiniProject/dice-roller/src/Routing.kt:53:16 Method 'iterator()' is ambiguous for this expression. Applicable candidates:
fun <T> Enumeration<T>.iterator(): Iterator<T>
fun <T> Iterator<T>.iterator(): Iterator<T>
fun <K, V> Map<out K, V>.iterator(): Iterator<Map.Entry<K, V>>
fun <K, V> MutableMap<K, V>.iterator(): MutableIterator<MutableMap.MutableEntry<K, V>>
fun CharSequence.iterator(): CharIterator
fun BufferedInputStream.iterator(): ByteIterator
00:14.906 ERROR :dice-roller:compileJvm   KotlinBuildToolsApiKt     file:///workspaces/2850MiniProject/dice-roller/src/Routing.kt:53:19 Syntax error: Expecting '(' to open a loop range.
00:14.910 ERROR :dice-roller:compileJvm   KotlinBuildToolsApiKt     file:///workspaces/2850MiniProject/dice-roller/src/Routing.kt:53:37 Syntax error: Expecting an element.
