JetBrains Amper version 0.9.2 (80094bb, 2025-12-11)
running on Linux 6.8.0-1030-azure jvm arch amd64

00:12.903 INFO  :dice-roller:compileJvm   JvmCompileTask            Compiling module 'dice-roller' for platform 'jvm'...
00:23.364 ERROR :dice-roller:compileJvm   KotlinBuildToolsApiKt     file:///workspaces/2850MiniProject/dice-roller/src/Routing.kt:42:18 Unresolved reference 'getDiceDetails'.
00:23.366 ERROR :dice-roller:compileJvm   KotlinBuildToolsApiKt     file:///workspaces/2850MiniProject/dice-roller/src/Routing.kt:42:18 Operator call 'component1()' is ambiguous for destructuring of type 'ERROR CLASS: Unresolved name: getDiceDetails'. Applicable candidates:
fun <T> Array<out T>.component1(): T
fun ByteArray.component1(): Byte
fun ShortArray.component1(): Short
fun IntArray.component1(): Int
fun LongArray.component1(): Long
fun FloatArray.component1(): Float
fun DoubleArray.component1(): Double
fun BooleanArray.component1(): Boolean
fun CharArray.component1(): Char
fun <T> List<T>.component1(): T
fun <K, V> Map.Entry<K, V>.component1(): K
fun UIntArray.component1(): UInt
fun ULongArray.component1(): ULong
fun UByteArray.component1(): UByte
fun UShortArray.component1(): UShort
00:23.369 ERROR :dice-roller:compileJvm   KotlinBuildToolsApiKt     file:///workspaces/2850MiniProject/dice-roller/src/Routing.kt:43:28 Unresolved reference 'num'.
00:23.370 ERROR :dice-roller:compileJvm   KotlinBuildToolsApiKt     file:///workspaces/2850MiniProject/dice-roller/src/Routing.kt:43:33 Unresolved reference 'die'.
00:23.371 ERROR :dice-roller:compileJvm   KotlinBuildToolsApiKt     file:///workspaces/2850MiniProject/dice-roller/src/Routing.kt:58:21 'val' cannot be reassigned.
