JetBrains Amper version 0.9.2 (80094bb, 2025-12-11)
running on Linux 6.8.0-1044-azure jvm arch amd64

00:04.881 INFO  :dice-roller:compileJvm   JvmCompileTask            Compiling module 'dice-roller' for platform 'jvm'...
00:13.403 ERROR :dice-roller:compileJvm   KotlinBuildToolsApiKt     file:///workspaces/2850MiniProject/dice-roller/src/Application.kt:4:28 Unresolved reference 'db'.
00:13.408 ERROR :dice-roller:compileJvm   KotlinBuildToolsApiKt     file:///workspaces/2850MiniProject/dice-roller/src/Application.kt:5:28 Unresolved reference 'load'.
00:13.410 ERROR :dice-roller:compileJvm   KotlinBuildToolsApiKt     file:///workspaces/2850MiniProject/dice-roller/src/Application.kt:6:28 Unresolved reference 'routes'.
00:13.421 ERROR :dice-roller:compileJvm   KotlinBuildToolsApiKt     file:///workspaces/2850MiniProject/dice-roller/src/Application.kt:10:31 Unresolved reference 'contentnegotiation'.
00:13.424 ERROR :dice-roller:compileJvm   KotlinBuildToolsApiKt     file:///workspaces/2850MiniProject/dice-roller/src/Application.kt:11:30 Unresolved reference 'kotlinx'.
00:13.427 ERROR :dice-roller:compileJvm   KotlinBuildToolsApiKt     file:///workspaces/2850MiniProject/dice-roller/src/Application.kt:12:30 Unresolved reference 'json'.
00:13.435 ERROR :dice-roller:compileJvm   KotlinBuildToolsApiKt     file:///workspaces/2850MiniProject/dice-roller/src/Application.kt:14:8 Unresolved reference 'DataFrame'.
00:13.439 ERROR :dice-roller:compileJvm   KotlinBuildToolsApiKt     file:///workspaces/2850MiniProject/dice-roller/src/Application.kt:17:5 Unresolved reference 'configureErrorHandling'.
00:13.450 ERROR :dice-roller:compileJvm   KotlinBuildToolsApiKt     file:///workspaces/2850MiniProject/dice-roller/src/Application.kt:18:5 Unresolved reference 'configureRouting'.
00:13.455 ERROR :dice-roller:compileJvm   KotlinBuildToolsApiKt     file:///workspaces/2850MiniProject/dice-roller/src/Application.kt:26:17 Unresolved reference 'DataFrame'.
00:13.460 ERROR :dice-roller:compileJvm   KotlinBuildToolsApiKt     file:///workspaces/2850MiniProject/dice-roller/src/Routing.kt:43:17 Unresolved reference 'getBooks'.
00:13.467 ERROR :dice-roller:compileJvm   KotlinBuildToolsApiKt     file:///workspaces/2850MiniProject/dice-roller/src/Routing.kt:53:13 Expression is treated as a trailing lambda argument; consider separating it from the call with semicolon.
00:13.488 ERROR :dice-roller:compileJvm   KotlinBuildToolsApiKt     file:///workspaces/2850MiniProject/dice-roller/src/Routing.kt:53:14 Syntax error: Expecting an element.
00:13.520 ERROR :dice-roller:compileJvm   KotlinBuildToolsApiKt     file:///workspaces/2850MiniProject/dice-roller/src/Routing.kt:53:16 Method 'iterator()' is ambiguous for this expression. Applicable candidates:
fun <T> Enumeration<T>.iterator(): Iterator<T>
fun <T> Iterator<T>.iterator(): Iterator<T>
fun <K, V> Map<out K, V>.iterator(): Iterator<Map.Entry<K, V>>
fun <K, V> MutableMap<K, V>.iterator(): MutableIterator<MutableMap.MutableEntry<K, V>>
fun CharSequence.iterator(): CharIterator
fun BufferedInputStream.iterator(): ByteIterator
00:13.538 ERROR :dice-roller:compileJvm   KotlinBuildToolsApiKt     file:///workspaces/2850MiniProject/dice-roller/src/Routing.kt:53:19 Syntax error: Expecting '(' to open a loop range.
00:13.549 ERROR :dice-roller:compileJvm   KotlinBuildToolsApiKt     file:///workspaces/2850MiniProject/dice-roller/src/Routing.kt:53:37 Syntax error: Expecting an element.
