JetBrains Amper version 0.9.2 (80094bb, 2025-12-11)
running on Linux 6.8.0-1044-azure jvm arch amd64

00:03.654 DEBUG :Library-book-search:resolveDependenciesJvm ResolveExternalDependenciesTask resolve dependencies Library-book-search -- main -- io.ktor:ktor-bom:3.2.3 io.ktor:ktor-server-core:3.2.3 io.ktor:ktor-server-html-builder:3.2.3 io.ktor:ktor-server-netty:3.2.3 io.ktor:ktor-server-status-pages:3.2.3 org.jetbrains.kotlin:kotlin-stdlib:2.2.21 -- resolvePlatform=jvm nativeTarget=null wasmTarget=null
00:03.729 DEBUG :Library-book-search:resolveDependenciesJvm IncrementalCache          [inc] up-to-date according to state file at '/workspaces/2850MiniProject/Library-book-search/build/incremental.state/_Library-book-search_resolveDependenciesJvm-d43ae442fb' in 42.455168ms
00:03.729 DEBUG :Library-book-search:resolveDependenciesJvm IncrementalCache          [inc] ':Library-book-search:resolveDependenciesJvm' is up-to-date
00:03.743 DEBUG :Library-book-search:resolveDependenciesJvm ResolveExternalDependenciesTask resolve dependencies Library-book-search -- main -- io.ktor:ktor-bom:3.2.3 io.ktor:ktor-server-core:3.2.3 io.ktor:ktor-server-html-builder:3.2.3 io.ktor:ktor-server-netty:3.2.3 io.ktor:ktor-server-status-pages:3.2.3 org.jetbrains.kotlin:kotlin-stdlib:2.2.21 -- resolvePlatform=JVM nativeTarget=null
wasmTarget=null
https://repo1.maven.org/maven2 https://maven.google.com https://maven.pkg.jetbrains.space/public/p/compose/dev resolved to:
  .m2.cache/org/jetbrains/kotlin/kotlin-stdlib/2.2.21/kotlin-stdlib-2.2.21.jar
  .m2.cache/io/ktor/ktor-server-core-jvm/3.2.3/ktor-server-core-jvm-3.2.3.jar
  .m2.cache/io/ktor/ktor-server-status-pages-jvm/3.2.3/ktor-server-status-pages-jvm-3.2.3.jar
  .m2.cache/io/ktor/ktor-server-html-builder-jvm/3.2.3/ktor-server-html-builder-jvm-3.2.3.jar
  .m2.cache/io/ktor/ktor-server-netty-jvm/3.2.3/ktor-server-netty-jvm-3.2.3.jar
  .m2.cache/org/jetbrains/annotations/23.0.0/annotations-23.0.0.jar
  .m2.cache/org/slf4j/slf4j-api/2.0.17/slf4j-api-2.0.17.jar
  .m2.cache/com/typesafe/config/1.4.3/config-1.4.3.jar
  .m2.cache/org/jetbrains/kotlin/kotlin-reflect/2.1.21/kotlin-reflect-2.1.21.jar
  .m2.cache/io/netty/netty-codec-http2/4.2.2.Final/netty-codec-http2-4.2.2.Final.jar
  .m2.cache/org/eclipse/jetty/alpn/alpn-api/1.1.3.v20160715/alpn-api-1.1.3.v20160715.jar
  .m2.cache/io/netty/netty-transport-native-kqueue/4.2.2.Final/netty-transport-native-kqueue-4.2.2.Final.jar
  .m2.cache/io/netty/netty-transport-native-epoll/4.2.2.Final/netty-transport-native-epoll-4.2.2.Final.jar
  .m2.cache/org/jetbrains/kotlinx/kotlinx-coroutines-core-jvm/1.10.2/kotlinx-coroutines-core-jvm-1.10.2.jar
  .m2.cache/io/ktor/ktor-utils-jvm/3.2.3/ktor-utils-jvm-3.2.3.jar
  .m2.cache/io/ktor/ktor-http-jvm/3.2.3/ktor-http-jvm-3.2.3.jar
  .m2.cache/io/ktor/ktor-serialization-jvm/3.2.3/ktor-serialization-jvm-3.2.3.jar
  .m2.cache/io/ktor/ktor-events-jvm/3.2.3/ktor-events-jvm-3.2.3.jar
  .m2.cache/io/ktor/ktor-http-cio-jvm/3.2.3/ktor-http-cio-jvm-3.2.3.jar
  .m2.cache/io/ktor/ktor-websockets-jvm/3.2.3/ktor-websockets-jvm-3.2.3.jar
  .m2.cache/org/jetbrains/kotlinx/kotlinx-html-jvm/0.12.0/kotlinx-html-jvm-0.12.0.jar
  .m2.cache/io/netty/netty-common/4.2.2.Final/netty-common-4.2.2.Final.jar
  .m2.cache/io/netty/netty-buffer/4.2.2.Final/netty-buffer-4.2.2.Final.jar
  .m2.cache/io/netty/netty-transport/4.2.2.Final/netty-transport-4.2.2.Final.jar
  .m2.cache/io/netty/netty-codec-base/4.2.2.Final/netty-codec-base-4.2.2.Final.jar
  .m2.cache/io/netty/netty-handler/4.2.2.Final/netty-handler-4.2.2.Final.jar
  .m2.cache/io/netty/netty-codec-http/4.2.2.Final/netty-codec-http-4.2.2.Final.jar
  .m2.cache/io/netty/netty-transport-native-unix-common/4.2.2.Final/netty-transport-native-unix-common-4.2.2.Final.jar
  .m2.cache/io/netty/netty-transport-classes-kqueue/4.2.2.Final/netty-transport-classes-kqueue-4.2.2.Final.jar
  .m2.cache/io/netty/netty-transport-classes-epoll/4.2.2.Final/netty-transport-classes-epoll-4.2.2.Final.jar
  .m2.cache/io/netty/netty-resolver/4.2.2.Final/netty-resolver-4.2.2.Final.jar
  .m2.cache/io/netty/netty-codec-compression/4.2.2.Final/netty-codec-compression-4.2.2.Final.jar
  .m2.cache/io/ktor/ktor-io-jvm/3.2.3/ktor-io-jvm-3.2.3.jar
  .m2.cache/org/jetbrains/kotlinx/kotlinx-serialization-core-jvm/1.8.1/kotlinx-serialization-core-jvm-1.8.1.jar
  .m2.cache/io/ktor/ktor-network-jvm/3.2.3/ktor-network-jvm-3.2.3.jar
  .m2.cache/org/jetbrains/kotlinx/kotlinx-io-core-jvm/0.7.0/kotlinx-io-core-jvm-0.7.0.jar
  .m2.cache/org/jetbrains/kotlinx/kotlinx-io-bytestring-jvm/0.7.0/kotlinx-io-bytestring-jvm-0.7.0.jar
00:03.763 DEBUG :Library-book-search:compileJvm JvmCompileTask            compile Library-book-search -- main
00:04.077 DEBUG :Library-book-search:compileJvm ExtractKt                 Skipping extract to /home/codespace/.cache/JetBrains/Amper/extract.cache/b1fa834a91-amazon-corretto-21.0.1.12.1-linux-x64.tar.gz.720fe1.d since flag file /home/codespace/.cache/JetBrains/Amper/extract.cache/b1fa834a91-amazon-corretto-21.0.1.12.1-linux-x64.tar.gz.720fe1.d.flag is correct
00:04.104 DEBUG :Library-book-search:compileJvm StateKt                   [inc] state file is missing or empty at '/workspaces/2850MiniProject/Library-book-search/build/incremental.state/_Library-book-search_compileJvm-82625c0ce7' -> cache miss
00:04.105 DEBUG :Library-book-search:compileJvm IncrementalCache          [inc] building ':Library-book-search:compileJvm'
00:04.126 DEBUG :Library-book-search:compileJvm IncrementalCache          [inc] up-to-date according to state file at '/workspaces/2850MiniProject/Library-book-search/build/incremental.state/resolve-org.jetbrains.kotlin-kotlin-build-tools-im-439d3d0dbf' in 3.740411ms
00:04.126 DEBUG :Library-book-search:compileJvm IncrementalCache          [inc] 'resolve-org.jetbrains.kotlin-kotlin-build-tools-impl-2.2.21' is up-to-date
00:04.160 INFO  :Library-book-search:compileJvm JvmCompileTask            Compiling module 'Library-book-search' for platform 'jvm'...
00:04.165 DEBUG :Library-book-search:compileJvm KotlinBuildToolsApiKt     Compiling using the in-process strategy
00:04.365 DEBUG :Library-book-search:compileJvm KotlinBuildToolsApiKt     Using Kotlin home directory <no_path>
00:04.375 DEBUG :Library-book-search:compileJvm KotlinBuildToolsApiKt     Configuring the compilation environment
00:04.503 DEBUG :Library-book-search:compileJvm KotlinBuildToolsApiKt     Using JDK home directory /home/codespace/.cache/JetBrains/Amper/extract.cache/b1fa834a91-amazon-corretto-21.0.1.12.1-linux-x64.tar.gz.720fe1.d
00:06.024 DEBUG :Library-book-search:compileJvm KotlinBuildToolsApiKt     Loading modules: [java.se, jdk.accessibility, jdk.attach, jdk.compiler, jdk.dynalink, jdk.httpserver, jdk.incubator.vector, jdk.jartool, jdk.javadoc, jdk.jconsole, jdk.jdi, jdk.jfr, jdk.jshell, jdk.jsobject, jdk.management, jdk.management.jfr, jdk.net, jdk.nio.mapmode, jdk.sctp, jdk.security.auth, jdk.security.jgss, jdk.unsupported, jdk.unsupported.desktop, jdk.xml.dom, java.base, java.compiler, java.datatransfer, java.desktop, java.xml, java.instrument, java.logging, java.management, java.management.rmi, java.rmi, java.naming, java.net.http, java.prefs, java.scripting, java.security.jgss, java.security.sasl, java.sql, java.transaction.xa, java.sql.rowset, java.xml.crypto, jdk.internal.jvmstat, jdk.internal.opt, jdk.zipfs, jdk.management.agent, jdk.jdwp.agent, jdk.internal.ed, jdk.internal.le]
00:11.107 ERROR :Library-book-search:compileJvm KotlinBuildToolsApiKt     file:///workspaces/2850MiniProject/Library-book-search/src/Routing.kt:53:13 Expression is treated as a trailing lambda argument; consider separating it from the call with semicolon.
00:11.110 ERROR :Library-book-search:compileJvm KotlinBuildToolsApiKt     file:///workspaces/2850MiniProject/Library-book-search/src/Routing.kt:53:14 Syntax error: Expecting an element.
00:11.114 ERROR :Library-book-search:compileJvm KotlinBuildToolsApiKt     file:///workspaces/2850MiniProject/Library-book-search/src/Routing.kt:53:16 Method 'iterator()' is ambiguous for this expression. Applicable candidates:
fun <T> Enumeration<T>.iterator(): Iterator<T>
fun <T> Iterator<T>.iterator(): Iterator<T>
fun <K, V> Map<out K, V>.iterator(): Iterator<Map.Entry<K, V>>
fun <K, V> MutableMap<K, V>.iterator(): MutableIterator<MutableMap.MutableEntry<K, V>>
fun CharSequence.iterator(): CharIterator
fun BufferedInputStream.iterator(): ByteIterator
00:11.117 ERROR :Library-book-search:compileJvm KotlinBuildToolsApiKt     file:///workspaces/2850MiniProject/Library-book-search/src/Routing.kt:53:19 Syntax error: Expecting '(' to open a loop range.
00:11.123 ERROR :Library-book-search:compileJvm KotlinBuildToolsApiKt     file:///workspaces/2850MiniProject/Library-book-search/src/Routing.kt:53:37 Syntax error: Expecting an element.
00:11.147 DEBUG :Library-book-search:compileJvm JvmCompileTask            Kotlin compiler finalization...
