JetBrains Amper version 0.9.2 (80094bb, 2025-12-11)
running on Linux 6.8.0-1044-azure jvm arch amd64

00:03.763 DEBUG :Library-book-search:resolveDependenciesJvm ResolveExternalDependenciesTask resolve dependencies Library-book-search -- main -- io.ktor:ktor-bom:3.2.3 io.ktor:ktor-server-core:3.2.3 io.ktor:ktor-server-html-builder:3.2.3 io.ktor:ktor-server-netty:3.2.3 io.ktor:ktor-server-status-pages:3.2.3 org.jetbrains.kotlin:kotlin-stdlib:2.2.21 org.jetbrains.kotlinx:dataframe:1.0.0-Beta4 -- resolvePlatform=jvm nativeTarget=null wasmTarget=null
00:03.832 DEBUG :Library-book-search:resolveDependenciesJvm IncrementalCache          [inc] up-to-date according to state file at '/workspaces/2850MiniProject/Library-book-search/build/incremental.state/_Library-book-search_resolveDependenciesJvm-d43ae442fb' in 47.121514ms
00:03.834 DEBUG :Library-book-search:resolveDependenciesJvm IncrementalCache          [inc] ':Library-book-search:resolveDependenciesJvm' is up-to-date
00:03.848 DEBUG :Library-book-search:resolveDependenciesJvm ResolveExternalDependenciesTask resolve dependencies Library-book-search -- main -- io.ktor:ktor-bom:3.2.3 io.ktor:ktor-server-core:3.2.3 io.ktor:ktor-server-html-builder:3.2.3 io.ktor:ktor-server-netty:3.2.3 io.ktor:ktor-server-status-pages:3.2.3 org.jetbrains.kotlin:kotlin-stdlib:2.2.21 org.jetbrains.kotlinx:dataframe:1.0.0-Beta4 -- resolvePlatform=JVM nativeTarget=null
wasmTarget=null
https://repo1.maven.org/maven2 https://maven.google.com https://maven.pkg.jetbrains.space/public/p/compose/dev resolved to:
  .m2.cache/org/jetbrains/kotlinx/dataframe/1.0.0-Beta4/dataframe-1.0.0-Beta4.jar
  .m2.cache/org/jetbrains/kotlin/kotlin-stdlib/2.2.21/kotlin-stdlib-2.2.21.jar
  .m2.cache/io/ktor/ktor-server-core-jvm/3.2.3/ktor-server-core-jvm-3.2.3.jar
  .m2.cache/io/ktor/ktor-server-status-pages-jvm/3.2.3/ktor-server-status-pages-jvm-3.2.3.jar
  .m2.cache/io/ktor/ktor-server-html-builder-jvm/3.2.3/ktor-server-html-builder-jvm-3.2.3.jar
  .m2.cache/io/ktor/ktor-server-netty-jvm/3.2.3/ktor-server-netty-jvm-3.2.3.jar
  .m2.cache/org/jetbrains/kotlinx/dataframe-core/1.0.0-Beta4/dataframe-core-1.0.0-Beta4.jar
  .m2.cache/org/jetbrains/kotlinx/dataframe-arrow/1.0.0-Beta4/dataframe-arrow-1.0.0-Beta4.jar
  .m2.cache/org/jetbrains/kotlinx/dataframe-excel/1.0.0-Beta4/dataframe-excel-1.0.0-Beta4.jar
  .m2.cache/org/jetbrains/kotlinx/dataframe-jdbc/1.0.0-Beta4/dataframe-jdbc-1.0.0-Beta4.jar
  .m2.cache/org/jetbrains/kotlinx/dataframe-csv/1.0.0-Beta4/dataframe-csv-1.0.0-Beta4.jar
  .m2.cache/org/jetbrains/kotlinx/dataframe-json/1.0.0-Beta4/dataframe-json-1.0.0-Beta4.jar
  .m2.cache/org/jetbrains/annotations/23.0.0/annotations-23.0.0.jar
  .m2.cache/org/slf4j/slf4j-api/2.0.17/slf4j-api-2.0.17.jar
  .m2.cache/com/typesafe/config/1.4.3/config-1.4.3.jar
  .m2.cache/org/jetbrains/kotlin/kotlin-reflect/2.2.21/kotlin-reflect-2.2.21.jar
  .m2.cache/io/netty/netty-codec-http2/4.2.2.Final/netty-codec-http2-4.2.2.Final.jar
  .m2.cache/org/eclipse/jetty/alpn/alpn-api/1.1.3.v20160715/alpn-api-1.1.3.v20160715.jar
  .m2.cache/io/netty/netty-transport-native-kqueue/4.2.2.Final/netty-transport-native-kqueue-4.2.2.Final.jar
  .m2.cache/io/netty/netty-transport-native-epoll/4.2.2.Final/netty-transport-native-epoll-4.2.2.Final.jar
  .m2.cache/org/apache/commons/commons-csv/1.14.1/commons-csv-1.14.1.jar
  .m2.cache/org/jetbrains/kotlinx/kotlinx-datetime-jvm/0.7.1-0.6.x-compat/kotlinx-datetime-jvm-0.7.1-0.6.x-compat.jar
  .m2.cache/org/apache/poi/poi/5.5.0/poi-5.5.0.jar
  .m2.cache/io/deephaven/deephaven-csv/0.18.0/deephaven-csv-0.18.0.jar
  .m2.cache/org/jetbrains/kotlinx/kotlinx-coroutines-core-jvm/1.10.2/kotlinx-coroutines-core-jvm-1.10.2.jar
  .m2.cache/io/ktor/ktor-utils-jvm/3.2.3/ktor-utils-jvm-3.2.3.jar
  .m2.cache/io/ktor/ktor-http-jvm/3.2.3/ktor-http-jvm-3.2.3.jar
  .m2.cache/io/ktor/ktor-serialization-jvm/3.2.3/ktor-serialization-jvm-3.2.3.jar
  .m2.cache/io/ktor/ktor-events-jvm/3.2.3/ktor-events-jvm-3.2.3.jar
  .m2.cache/io/ktor/ktor-http-cio-jvm/3.2.3/ktor-http-cio-jvm-3.2.3.jar
  .m2.cache/io/ktor/ktor-websockets-jvm/3.2.3/ktor-websockets-jvm-3.2.3.jar
  .m2.cache/org/jetbrains/kotlinx/kotlinx-html-jvm/0.12.0/kotlinx-html-jvm-0.12.0.jar
  .m2.cache/io/netty/netty-common/4.2.2.Final/netty-common-4.2.2.Final.jar
  .m2.cache/io/netty/netty-buffer/4.2.2.Final/netty-buffer-4.2.2.Final.jar
  .m2.cache/io/netty/netty-transport/4.2.2.Final/netty-transport-4.2.2.Final.jar
  .m2.cache/io/netty/netty-codec-base/4.2.2.Final/netty-codec-base-4.2.2.Final.jar
  .m2.cache/io/netty/netty-handler/4.2.2.Final/netty-handler-4.2.2.Final.jar
  .m2.cache/io/netty/netty-codec-http/4.2.2.Final/netty-codec-http-4.2.2.Final.jar
  .m2.cache/io/netty/netty-transport-native-unix-common/4.2.2.Final/netty-transport-native-unix-common-4.2.2.Final.jar
  .m2.cache/io/netty/netty-transport-classes-kqueue/4.2.2.Final/netty-transport-classes-kqueue-4.2.2.Final.jar
  .m2.cache/io/netty/netty-transport-classes-epoll/4.2.2.Final/netty-transport-classes-epoll-4.2.2.Final.jar
  .m2.cache/commons-io/commons-io/2.20.0/commons-io-2.20.0.jar
  .m2.cache/commons-codec/commons-codec/1.19.0/commons-codec-1.19.0.jar
  .m2.cache/org/apache/commons/commons-collections4/4.5.0/commons-collections4-4.5.0.jar
  .m2.cache/org/apache/commons/commons-math3/3.6.1/commons-math3-3.6.1.jar
  .m2.cache/com/zaxxer/SparseBitSet/1.3/SparseBitSet-1.3.jar
  .m2.cache/org/apache/logging/log4j/log4j-api/2.24.3/log4j-api-2.24.3.jar
  .m2.cache/io/netty/netty-resolver/4.2.2.Final/netty-resolver-4.2.2.Final.jar
  .m2.cache/io/netty/netty-codec-compression/4.2.2.Final/netty-codec-compression-4.2.2.Final.jar
  .m2.cache/io/ktor/ktor-io-jvm/3.2.3/ktor-io-jvm-3.2.3.jar
  .m2.cache/org/jetbrains/kotlinx/kotlinx-serialization-core-jvm/1.9.0/kotlinx-serialization-core-jvm-1.9.0.jar
  .m2.cache/io/ktor/ktor-network-jvm/3.2.3/ktor-network-jvm-3.2.3.jar
  .m2.cache/org/jetbrains/kotlinx/kotlinx-io-core-jvm/0.7.0/kotlinx-io-core-jvm-0.7.0.jar
  .m2.cache/org/jetbrains/kotlinx/kotlinx-io-bytestring-jvm/0.7.0/kotlinx-io-bytestring-jvm-0.7.0.jar
00:03.867 DEBUG :Library-book-search:compileJvm JvmCompileTask            compile Library-book-search -- main
00:04.174 DEBUG :Library-book-search:compileJvm ExtractKt                 Skipping extract to /home/codespace/.cache/JetBrains/Amper/extract.cache/b1fa834a91-amazon-corretto-21.0.1.12.1-linux-x64.tar.gz.720fe1.d since flag file /home/codespace/.cache/JetBrains/Amper/extract.cache/b1fa834a91-amazon-corretto-21.0.1.12.1-linux-x64.tar.gz.720fe1.d.flag is correct
00:04.210 DEBUG :Library-book-search:compileJvm IncrementalCache          [inc] Input files list doesn't match recorded state in '/workspaces/2850MiniProject/Library-book-search/build/incremental.state/_Library-book-search_compileJvm-82625c0ce7' -> rebuilding
  old: [/home/codespace/.cache/JetBrains/Amper/.m2.cache/com/typesafe/config/1.4.3/config-1.4.3.jar, /home/codespace/.cache/JetBrains/Amper/.m2.cache/io/ktor/ktor-events-jvm/3.2.3/ktor-events-jvm-3.2.3.jar, /home/codespace/.cache/JetBrains/Amper/.m2.cache/io/ktor/ktor-http-cio-jvm/3.2.3/ktor-http-cio-jvm-3.2.3.jar, /home/codespace/.cache/JetBrains/Amper/.m2.cache/io/ktor/ktor-http-jvm/3.2.3/ktor-http-jvm-3.2.3.jar, /home/codespace/.cache/JetBrains/Amper/.m2.cache/io/ktor/ktor-io-jvm/3.2.3/ktor-io-jvm-3.2.3.jar, /home/codespace/.cache/JetBrains/Amper/.m2.cache/io/ktor/ktor-network-jvm/3.2.3/ktor-network-jvm-3.2.3.jar, /home/codespace/.cache/JetBrains/Amper/.m2.cache/io/ktor/ktor-serialization-jvm/3.2.3/ktor-serialization-jvm-3.2.3.jar, /home/codespace/.cache/JetBrains/Amper/.m2.cache/io/ktor/ktor-server-core-jvm/3.2.3/ktor-server-core-jvm-3.2.3.jar, /home/codespace/.cache/JetBrains/Amper/.m2.cache/io/ktor/ktor-server-html-builder-jvm/3.2.3/ktor-server-html-builder-jvm-3.2.3.jar, /home/codespace/.cache/JetBrains/Amper/.m2.cache/io/ktor/ktor-server-netty-jvm/3.2.3/ktor-server-netty-jvm-3.2.3.jar, /home/codespace/.cache/JetBrains/Amper/.m2.cache/io/ktor/ktor-server-status-pages-jvm/3.2.3/ktor-server-status-pages-jvm-3.2.3.jar, /home/codespace/.cache/JetBrains/Amper/.m2.cache/io/ktor/ktor-utils-jvm/3.2.3/ktor-utils-jvm-3.2.3.jar, /home/codespace/.cache/JetBrains/Amper/.m2.cache/io/ktor/ktor-websockets-jvm/3.2.3/ktor-websockets-jvm-3.2.3.jar, /home/codespace/.cache/JetBrains/Amper/.m2.cache/io/netty/netty-buffer/4.2.2.Final/netty-buffer-4.2.2.Final.jar, /home/codespace/.cache/JetBrains/Amper/.m2.cache/io/netty/netty-codec-base/4.2.2.Final/netty-codec-base-4.2.2.Final.jar, /home/codespace/.cache/JetBrains/Amper/.m2.cache/io/netty/netty-codec-compression/4.2.2.Final/netty-codec-compression-4.2.2.Final.jar, /home/codespace/.cache/JetBrains/Amper/.m2.cache/io/netty/netty-codec-http/4.2.2.Final/netty-codec-http-4.2.2.Final.jar, /home/codespace/.cache/JetBrains/Amper/.m2.cache/io/netty/netty-codec-http2/4.2.2.Final/netty-codec-http2-4.2.2.Final.jar, /home/codespace/.cache/JetBrains/Amper/.m2.cache/io/netty/netty-common/4.2.2.Final/netty-common-4.2.2.Final.jar, /home/codespace/.cache/JetBrains/Amper/.m2.cache/io/netty/netty-handler/4.2.2.Final/netty-handler-4.2.2.Final.jar, /home/codespace/.cache/JetBrains/Amper/.m2.cache/io/netty/netty-resolver/4.2.2.Final/netty-resolver-4.2.2.Final.jar, /home/codespace/.cache/JetBrains/Amper/.m2.cache/io/netty/netty-transport-classes-epoll/4.2.2.Final/netty-transport-classes-epoll-4.2.2.Final.jar, /home/codespace/.cache/JetBrains/Amper/.m2.cache/io/netty/netty-transport-classes-kqueue/4.2.2.Final/netty-transport-classes-kqueue-4.2.2.Final.jar, /home/codespace/.cache/JetBrains/Amper/.m2.cache/io/netty/netty-transport-native-epoll/4.2.2.Final/netty-transport-native-epoll-4.2.2.Final.jar, /home/codespace/.cache/JetBrains/Amper/.m2.cache/io/netty/netty-transport-native-kqueue/4.2.2.Final/netty-transport-native-kqueue-4.2.2.Final.jar, /home/codespace/.cache/JetBrains/Amper/.m2.cache/io/netty/netty-transport-native-unix-common/4.2.2.Final/netty-transport-native-unix-common-4.2.2.Final.jar, /home/codespace/.cache/JetBrains/Amper/.m2.cache/io/netty/netty-transport/4.2.2.Final/netty-transport-4.2.2.Final.jar, /home/codespace/.cache/JetBrains/Amper/.m2.cache/org/eclipse/jetty/alpn/alpn-api/1.1.3.v20160715/alpn-api-1.1.3.v20160715.jar, /home/codespace/.cache/JetBrains/Amper/.m2.cache/org/jetbrains/annotations/23.0.0/annotations-23.0.0.jar, /home/codespace/.cache/JetBrains/Amper/.m2.cache/org/jetbrains/kotlin/kotlin-reflect/2.1.21/kotlin-reflect-2.1.21.jar, /home/codespace/.cache/JetBrains/Amper/.m2.cache/org/jetbrains/kotlin/kotlin-stdlib/2.2.21/kotlin-stdlib-2.2.21.jar, /home/codespace/.cache/JetBrains/Amper/.m2.cache/org/jetbrains/kotlinx/kotlinx-coroutines-core-jvm/1.10.2/kotlinx-coroutines-core-jvm-1.10.2.jar, /home/codespace/.cache/JetBrains/Amper/.m2.cache/org/jetbrains/kotlinx/kotlinx-html-jvm/0.12.0/kotlinx-html-jvm-0.12.0.jar, /home/codespace/.cache/JetBrains/Amper/.m2.cache/org/jetbrains/kotlinx/kotlinx-io-bytestring-jvm/0.7.0/kotlinx-io-bytestring-jvm-0.7.0.jar, /home/codespace/.cache/JetBrains/Amper/.m2.cache/org/jetbrains/kotlinx/kotlinx-io-core-jvm/0.7.0/kotlinx-io-core-jvm-0.7.0.jar, /home/codespace/.cache/JetBrains/Amper/.m2.cache/org/jetbrains/kotlinx/kotlinx-serialization-core-jvm/1.8.1/kotlinx-serialization-core-jvm-1.8.1.jar, /home/codespace/.cache/JetBrains/Amper/.m2.cache/org/slf4j/slf4j-api/2.0.17/slf4j-api-2.0.17.jar, /workspaces/2850MiniProject/Library-book-search/resources, /workspaces/2850MiniProject/Library-book-search/src]
  new: [/home/codespace/.cache/JetBrains/Amper/.m2.cache/com/typesafe/config/1.4.3/config-1.4.3.jar, /home/codespace/.cache/JetBrains/Amper/.m2.cache/com/zaxxer/SparseBitSet/1.3/SparseBitSet-1.3.jar, /home/codespace/.cache/JetBrains/Amper/.m2.cache/commons-codec/commons-codec/1.19.0/commons-codec-1.19.0.jar, /home/codespace/.cache/JetBrains/Amper/.m2.cache/commons-io/commons-io/2.20.0/commons-io-2.20.0.jar, /home/codespace/.cache/JetBrains/Amper/.m2.cache/io/deephaven/deephaven-csv/0.18.0/deephaven-csv-0.18.0.jar, /home/codespace/.cache/JetBrains/Amper/.m2.cache/io/ktor/ktor-events-jvm/3.2.3/ktor-events-jvm-3.2.3.jar, /home/codespace/.cache/JetBrains/Amper/.m2.cache/io/ktor/ktor-http-cio-jvm/3.2.3/ktor-http-cio-jvm-3.2.3.jar, /home/codespace/.cache/JetBrains/Amper/.m2.cache/io/ktor/ktor-http-jvm/3.2.3/ktor-http-jvm-3.2.3.jar, /home/codespace/.cache/JetBrains/Amper/.m2.cache/io/ktor/ktor-io-jvm/3.2.3/ktor-io-jvm-3.2.3.jar, /home/codespace/.cache/JetBrains/Amper/.m2.cache/io/ktor/ktor-network-jvm/3.2.3/ktor-network-jvm-3.2.3.jar, /home/codespace/.cache/JetBrains/Amper/.m2.cache/io/ktor/ktor-serialization-jvm/3.2.3/ktor-serialization-jvm-3.2.3.jar, /home/codespace/.cache/JetBrains/Amper/.m2.cache/io/ktor/ktor-server-core-jvm/3.2.3/ktor-server-core-jvm-3.2.3.jar, /home/codespace/.cache/JetBrains/Amper/.m2.cache/io/ktor/ktor-server-html-builder-jvm/3.2.3/ktor-server-html-builder-jvm-3.2.3.jar, /home/codespace/.cache/JetBrains/Amper/.m2.cache/io/ktor/ktor-server-netty-jvm/3.2.3/ktor-server-netty-jvm-3.2.3.jar, /home/codespace/.cache/JetBrains/Amper/.m2.cache/io/ktor/ktor-server-status-pages-jvm/3.2.3/ktor-server-status-pages-jvm-3.2.3.jar, /home/codespace/.cache/JetBrains/Amper/.m2.cache/io/ktor/ktor-utils-jvm/3.2.3/ktor-utils-jvm-3.2.3.jar, /home/codespace/.cache/JetBrains/Amper/.m2.cache/io/ktor/ktor-websockets-jvm/3.2.3/ktor-websockets-jvm-3.2.3.jar, /home/codespace/.cache/JetBrains/Amper/.m2.cache/io/netty/netty-buffer/4.2.2.Final/netty-buffer-4.2.2.Final.jar, /home/codespace/.cache/JetBrains/Amper/.m2.cache/io/netty/netty-codec-base/4.2.2.Final/netty-codec-base-4.2.2.Final.jar, /home/codespace/.cache/JetBrains/Amper/.m2.cache/io/netty/netty-codec-compression/4.2.2.Final/netty-codec-compression-4.2.2.Final.jar, /home/codespace/.cache/JetBrains/Amper/.m2.cache/io/netty/netty-codec-http/4.2.2.Final/netty-codec-http-4.2.2.Final.jar, /home/codespace/.cache/JetBrains/Amper/.m2.cache/io/netty/netty-codec-http2/4.2.2.Final/netty-codec-http2-4.2.2.Final.jar, /home/codespace/.cache/JetBrains/Amper/.m2.cache/io/netty/netty-common/4.2.2.Final/netty-common-4.2.2.Final.jar, /home/codespace/.cache/JetBrains/Amper/.m2.cache/io/netty/netty-handler/4.2.2.Final/netty-handler-4.2.2.Final.jar, /home/codespace/.cache/JetBrains/Amper/.m2.cache/io/netty/netty-resolver/4.2.2.Final/netty-resolver-4.2.2.Final.jar, /home/codespace/.cache/JetBrains/Amper/.m2.cache/io/netty/netty-transport-classes-epoll/4.2.2.Final/netty-transport-classes-epoll-4.2.2.Final.jar, /home/codespace/.cache/JetBrains/Amper/.m2.cache/io/netty/netty-transport-classes-kqueue/4.2.2.Final/netty-transport-classes-kqueue-4.2.2.Final.jar, /home/codespace/.cache/JetBrains/Amper/.m2.cache/io/netty/netty-transport-native-epoll/4.2.2.Final/netty-transport-native-epoll-4.2.2.Final.jar, /home/codespace/.cache/JetBrains/Amper/.m2.cache/io/netty/netty-transport-native-kqueue/4.2.2.Final/netty-transport-native-kqueue-4.2.2.Final.jar, /home/codespace/.cache/JetBrains/Amper/.m2.cache/io/netty/netty-transport-native-unix-common/4.2.2.Final/netty-transport-native-unix-common-4.2.2.Final.jar, /home/codespace/.cache/JetBrains/Amper/.m2.cache/io/netty/netty-transport/4.2.2.Final/netty-transport-4.2.2.Final.jar, /home/codespace/.cache/JetBrains/Amper/.m2.cache/org/apache/commons/commons-collections4/4.5.0/commons-collections4-4.5.0.jar, /home/codespace/.cache/JetBrains/Amper/.m2.cache/org/apache/commons/commons-csv/1.14.1/commons-csv-1.14.1.jar, /home/codespace/.cache/JetBrains/Amper/.m2.cache/org/apache/commons/commons-math3/3.6.1/commons-math3-3.6.1.jar, /home/codespace/.cache/JetBrains/Amper/.m2.cache/org/apache/logging/log4j/log4j-api/2.24.3/log4j-api-2.24.3.jar, /home/codespace/.cache/JetBrains/Amper/.m2.cache/org/apache/poi/poi/5.5.0/poi-5.5.0.jar, /home/codespace/.cache/JetBrains/Amper/.m2.cache/org/eclipse/jetty/alpn/alpn-api/1.1.3.v20160715/alpn-api-1.1.3.v20160715.jar, /home/codespace/.cache/JetBrains/Amper/.m2.cache/org/jetbrains/annotations/23.0.0/annotations-23.0.0.jar, /home/codespace/.cache/JetBrains/Amper/.m2.cache/org/jetbrains/kotlin/kotlin-reflect/2.2.21/kotlin-reflect-2.2.21.jar, /home/codespace/.cache/JetBrains/Amper/.m2.cache/org/jetbrains/kotlin/kotlin-stdlib/2.2.21/kotlin-stdlib-2.2.21.jar, /home/codespace/.cache/JetBrains/Amper/.m2.cache/org/jetbrains/kotlinx/dataframe-arrow/1.0.0-Beta4/dataframe-arrow-1.0.0-Beta4.jar, /home/codespace/.cache/JetBrains/Amper/.m2.cache/org/jetbrains/kotlinx/dataframe-core/1.0.0-Beta4/dataframe-core-1.0.0-Beta4.jar, /home/codespace/.cache/JetBrains/Amper/.m2.cache/org/jetbrains/kotlinx/dataframe-csv/1.0.0-Beta4/dataframe-csv-1.0.0-Beta4.jar, /home/codespace/.cache/JetBrains/Amper/.m2.cache/org/jetbrains/kotlinx/dataframe-excel/1.0.0-Beta4/dataframe-excel-1.0.0-Beta4.jar, /home/codespace/.cache/JetBrains/Amper/.m2.cache/org/jetbrains/kotlinx/dataframe-jdbc/1.0.0-Beta4/dataframe-jdbc-1.0.0-Beta4.jar, /home/codespace/.cache/JetBrains/Amper/.m2.cache/org/jetbrains/kotlinx/dataframe-json/1.0.0-Beta4/dataframe-json-1.0.0-Beta4.jar, /home/codespace/.cache/JetBrains/Amper/.m2.cache/org/jetbrains/kotlinx/dataframe/1.0.0-Beta4/dataframe-1.0.0-Beta4.jar, /home/codespace/.cache/JetBrains/Amper/.m2.cache/org/jetbrains/kotlinx/kotlinx-coroutines-core-jvm/1.10.2/kotlinx-coroutines-core-jvm-1.10.2.jar, /home/codespace/.cache/JetBrains/Amper/.m2.cache/org/jetbrains/kotlinx/kotlinx-datetime-jvm/0.7.1-0.6.x-compat/kotlinx-datetime-jvm-0.7.1-0.6.x-compat.jar, /home/codespace/.cache/JetBrains/Amper/.m2.cache/org/jetbrains/kotlinx/kotlinx-html-jvm/0.12.0/kotlinx-html-jvm-0.12.0.jar, /home/codespace/.cache/JetBrains/Amper/.m2.cache/org/jetbrains/kotlinx/kotlinx-io-bytestring-jvm/0.7.0/kotlinx-io-bytestring-jvm-0.7.0.jar, /home/codespace/.cache/JetBrains/Amper/.m2.cache/org/jetbrains/kotlinx/kotlinx-io-core-jvm/0.7.0/kotlinx-io-core-jvm-0.7.0.jar, /home/codespace/.cache/JetBrains/Amper/.m2.cache/org/jetbrains/kotlinx/kotlinx-serialization-core-jvm/1.9.0/kotlinx-serialization-core-jvm-1.9.0.jar, /home/codespace/.cache/JetBrains/Amper/.m2.cache/org/slf4j/slf4j-api/2.0.17/slf4j-api-2.0.17.jar, /workspaces/2850MiniProject/Library-book-search/resources, /workspaces/2850MiniProject/Library-book-search/src]
00:04.210 DEBUG :Library-book-search:compileJvm IncrementalCache          [inc] building ':Library-book-search:compileJvm'
00:04.231 DEBUG :Library-book-search:compileJvm IncrementalCache          [inc] up-to-date according to state file at '/workspaces/2850MiniProject/Library-book-search/build/incremental.state/resolve-org.jetbrains.kotlin-kotlin-build-tools-im-439d3d0dbf' in 1.626971ms
00:04.231 DEBUG :Library-book-search:compileJvm IncrementalCache          [inc] 'resolve-org.jetbrains.kotlin-kotlin-build-tools-impl-2.2.21' is up-to-date
00:04.268 INFO  :Library-book-search:compileJvm JvmCompileTask            Compiling module 'Library-book-search' for platform 'jvm'...
00:04.277 DEBUG :Library-book-search:compileJvm KotlinBuildToolsApiKt     Compiling using the in-process strategy
00:04.488 DEBUG :Library-book-search:compileJvm KotlinBuildToolsApiKt     Using Kotlin home directory <no_path>
00:04.498 DEBUG :Library-book-search:compileJvm KotlinBuildToolsApiKt     Configuring the compilation environment
00:04.632 DEBUG :Library-book-search:compileJvm KotlinBuildToolsApiKt     Using JDK home directory /home/codespace/.cache/JetBrains/Amper/extract.cache/b1fa834a91-amazon-corretto-21.0.1.12.1-linux-x64.tar.gz.720fe1.d
00:05.851 DEBUG :Library-book-search:compileJvm KotlinBuildToolsApiKt     Loading modules: [java.se, jdk.accessibility, jdk.attach, jdk.compiler, jdk.dynalink, jdk.httpserver, jdk.incubator.vector, jdk.jartool, jdk.javadoc, jdk.jconsole, jdk.jdi, jdk.jfr, jdk.jshell, jdk.jsobject, jdk.management, jdk.management.jfr, jdk.net, jdk.nio.mapmode, jdk.sctp, jdk.security.auth, jdk.security.jgss, jdk.unsupported, jdk.unsupported.desktop, jdk.xml.dom, java.base, java.compiler, java.datatransfer, java.desktop, java.xml, java.instrument, java.logging, java.management, java.management.rmi, java.rmi, java.naming, java.net.http, java.prefs, java.scripting, java.security.jgss, java.security.sasl, java.sql, java.transaction.xa, java.sql.rowset, java.xml.crypto, jdk.internal.jvmstat, jdk.internal.opt, jdk.zipfs, jdk.management.agent, jdk.jdwp.agent, jdk.internal.ed, jdk.internal.le]
00:10.566 ERROR :Library-book-search:compileJvm KotlinBuildToolsApiKt     file:///workspaces/2850MiniProject/Library-book-search/src/Application.kt:18:20 Unresolved reference 'DataFrame'.
00:10.582 DEBUG :Library-book-search:compileJvm JvmCompileTask            Kotlin compiler finalization...
