JetBrains Amper version 0.9.2 (80094bb, 2025-12-11)
running on Linux 6.8.0-1044-azure jvm arch amd64

00:15.560 DEBUG :Library-book-search:resolveDependenciesJvm ResolveExternalDependenciesTask resolve dependencies Library-book-search -- main -- io.ktor:ktor-bom:3.2.3 io.ktor:ktor-server-core:3.2.3 io.ktor:ktor-server-html-builder:3.2.3 io.ktor:ktor-server-netty:3.2.3 io.ktor:ktor-server-status-pages:3.2.3 org.jetbrains.kotlin:kotlin-stdlib:2.2.21 -- resolvePlatform=jvm nativeTarget=null wasmTarget=null
00:15.580 DEBUG :Library-book-search:resolveDependenciesJvm StateKt                   [inc] state file is missing or empty at '/workspaces/2850MiniProject/Library-book-search/build/incremental.state/_Library-book-search_resolveDependenciesJvm-d43ae442fb' -> cache miss
00:15.581 DEBUG :Library-book-search:resolveDependenciesJvm IncrementalCache          [inc] building ':Library-book-search:resolveDependenciesJvm'
00:15.594 DEBUG :Library-book-search:resolveDependenciesJvm StateKt                   [inc] state file is missing or empty at '/workspaces/2850MiniProject/Library-book-search/build/incremental.state/Module_dependencies_graph__workspaces_2850MiniProj-47faff8352' -> cache miss
00:15.594 DEBUG :Library-book-search:resolveDependenciesJvm IncrementalCache          [inc] building 'Module dependencies graph,/workspaces/2850MiniProject/Library-book-search,JVM,false,ResolutionConfigPlain(scope=COMPILE, platforms=[JVM], repositories=[https://repo1.maven.org/maven2]),false,true,NETWORK'
00:21.509 DEBUG :Library-book-search:resolveDependenciesJvm IncrementalCache          [inc] finished 'Module dependencies graph,/workspaces/2850MiniProject/Library-book-search,JVM,false,ResolutionConfigPlain(scope=COMPILE, platforms=[JVM], repositories=[https://repo1.maven.org/maven2]),false,true,NETWORK' in 5.911806521s
00:21.687 DEBUG :Library-book-search:resolveDependenciesJvm IncrementalCache          [inc] 'Module dependencies graph,/workspaces/2850MiniProject/Library-book-search,JVM,false,ResolutionConfigPlain(scope=COMPILE, platforms=[JVM], repositories=[https://repo1.maven.org/maven2]),false,true,NETWORK' changes: '/home/codespace/.cache/JetBrains/Amper/.m2.cache/org/jetbrains/kotlin/kotlin-stdlib/2.2.21/kotlin-stdlib-2.2.21.jar' CREATED, '/home/codespace/.cache/JetBrains/Amper/.m2.cache/ch/qos/logback/logback-classic/1.5.22/logback-classic-1.5.22.jar' CREATED, '/home/codespace/.cache/JetBrains/Amper/.m2.cache/io/ktor/ktor-server-core-jvm/3.2.3/ktor-server-core-jvm-3.2.3.jar' CREATED, '/home/codespace/.cache/JetBrains/Amper/.m2.cache/io/ktor/ktor-server-status-pages-jvm/3.2.3/ktor-server-status-pages-jvm-3.2.3.jar' CREATED, '/home/codespace/.cache/JetBrains/Amper/.m2.cache/io/ktor/ktor-server-html-builder-jvm/3.2.3/ktor-server-html-builder-jvm-3.2.3.jar' CREATED, '/home/codespace/.cache/JetBrains/Amper/.m2.cache/io/ktor/ktor-server-netty-jvm/3.2.3/ktor-server-netty-jvm-3.2.3.jar' CREATED, '/home/codespace/.cache/JetBrains/Amper/.m2.cache/org/jetbrains/annotations/23.0.0/annotations-23.0.0.jar' CREATED, '/home/codespace/.cache/JetBrains/Amper/.m2.cache/io/ktor/ktor-server-config-yaml-jvm/3.2.3/ktor-server-config-yaml-jvm-3.2.3.jar' CREATED, '/home/codespace/.cache/JetBrains/Amper/.m2.cache/ch/qos/logback/logback-core/1.5.22/logback-core-1.5.22.jar' CREATED, '/home/codespace/.cache/JetBrains/Amper/.m2.cache/org/slf4j/slf4j-api/2.0.17/slf4j-api-2.0.17.jar' CREATED, '/home/codespace/.cache/JetBrains/Amper/.m2.cache/com/typesafe/config/1.4.3/config-1.4.3.jar' CREATED, '/home/codespace/.cache/JetBrains/Amper/.m2.cache/org/jetbrains/kotlin/kotlin-reflect/2.1.21/kotlin-reflect-2.1.21.jar' CREATED, '/home/codespace/.cache/JetBrains/Amper/.m2.cache/io/netty/netty-codec-http2/4.2.2.Final/netty-codec-http2-4.2.2.Final.jar' CREATED, '/home/codespace/.cache/JetBrains/Amper/.m2.cache/org/eclipse/jetty/alpn/alpn-api/1.1.3.v20160715/alpn-api-1.1.3.v20160715.jar' CREATED, '/home/codespace/.cache/JetBrains/Amper/.m2.cache/io/netty/netty-transport-native-kqueue/4.2.2.Final/netty-transport-native-kqueue-4.2.2.Final.jar' CREATED, '/home/codespace/.cache/JetBrains/Amper/.m2.cache/io/netty/netty-transport-native-epoll/4.2.2.Final/netty-transport-native-epoll-4.2.2.Final.jar' CREATED, '/home/codespace/.cache/JetBrains/Amper/.m2.cache/org/fusesource/jansi/jansi/2.4.2/jansi-2.4.2.jar' CREATED, '/home/codespace/.cache/JetBrains/Amper/.m2.cache/org/jetbrains/kotlinx/kotlinx-coroutines-core-jvm/1.10.2/kotlinx-coroutines-core-jvm-1.10.2.jar' CREATED, '/home/codespace/.cache/JetBrains/Amper/.m2.cache/io/ktor/ktor-utils-jvm/3.2.3/ktor-utils-jvm-3.2.3.jar' CREATED, '/home/codespace/.cache/JetBrains/Amper/.m2.cache/io/ktor/ktor-http-jvm/3.2.3/ktor-http-jvm-3.2.3.jar' CREATED, '/home/codespace/.cache/JetBrains/Amper/.m2.cache/io/ktor/ktor-serialization-jvm/3.2.3/ktor-serialization-jvm-3.2.3.jar' CREATED, '/home/codespace/.cache/JetBrains/Amper/.m2.cache/io/ktor/ktor-events-jvm/3.2.3/ktor-events-jvm-3.2.3.jar' CREATED, '/home/codespace/.cache/JetBrains/Amper/.m2.cache/io/ktor/ktor-http-cio-jvm/3.2.3/ktor-http-cio-jvm-3.2.3.jar' CREATED, '/home/codespace/.cache/JetBrains/Amper/.m2.cache/io/ktor/ktor-websockets-jvm/3.2.3/ktor-websockets-jvm-3.2.3.jar' CREATED, '/home/codespace/.cache/JetBrains/Amper/.m2.cache/org/jetbrains/kotlinx/kotlinx-html-jvm/0.12.0/kotlinx-html-jvm-0.12.0.jar' CREATED, '/home/codespace/.cache/JetBrains/Amper/.m2.cache/io/netty/netty-common/4.2.2.Final/netty-common-4.2.2.Final.jar' CREATED, '/home/codespace/.cache/JetBrains/Amper/.m2.cache/io/netty/netty-buffer/4.2.2.Final/netty-buffer-4.2.2.Final.jar' CREATED, '/home/codespace/.cache/JetBrains/Amper/.m2.cache/io/netty/netty-transport/4.2.2.Final/netty-transport-4.2.2.Final.jar' CREATED, '/home/codespace/.cache/JetBrains/Amper/.m2.cache/io/netty/netty-codec-base/4.2.2.Final/netty-codec-base-4.2.2.Final.jar' CREATED, '/home/codespace/.cache/JetBrains/Amper/.m2.cache/io/netty/netty-handler/4.2.2.Final/netty-handler-4.2.2.Final.jar' CREATED, '/home/codespace/.cache/JetBrains/Amper/.m2.cache/io/netty/netty-codec-http/4.2.2.Final/netty-codec-http-4.2.2.Final.jar' CREATED, '/home/codespace/.cache/JetBrains/Amper/.m2.cache/io/netty/netty-transport-native-unix-common/4.2.2.Final/netty-transport-native-unix-common-4.2.2.Final.jar' CREATED, '/home/codespace/.cache/JetBrains/Amper/.m2.cache/io/netty/netty-transport-classes-kqueue/4.2.2.Final/netty-transport-classes-kqueue-4.2.2.Final.jar' CREATED, '/home/codespace/.cache/JetBrains/Amper/.m2.cache/io/netty/netty-transport-classes-epoll/4.2.2.Final/netty-transport-classes-epoll-4.2.2.Final.jar' CREATED, '/home/codespace/.cache/JetBrains/Amper/.m2.cache/net/mamoe/yamlkt/yamlkt-jvm/0.13.0/yamlkt-jvm-0.13.0.jar' CREATED, '/home/codespace/.cache/JetBrains/Amper/.m2.cache/com/charleskorn/kaml/kaml-jvm/0.77.1/kaml-jvm-0.77.1.jar' CREATED, '/home/codespace/.cache/JetBrains/Amper/.m2.cache/io/netty/netty-resolver/4.2.2.Final/netty-resolver-4.2.2.Final.jar' CREATED, '/home/codespace/.cache/JetBrains/Amper/.m2.cache/io/netty/netty-codec-compression/4.2.2.Final/netty-codec-compression-4.2.2.Final.jar' CREATED, '/home/codespace/.cache/JetBrains/Amper/.m2.cache/org/jetbrains/kotlin/kotlin-stdlib-jdk8/1.8.0/kotlin-stdlib-jdk8-1.8.0.jar' CREATED, '/home/codespace/.cache/JetBrains/Amper/.m2.cache/io/ktor/ktor-io-jvm/3.2.3/ktor-io-jvm-3.2.3.jar' CREATED, '/home/codespace/.cache/JetBrains/Amper/.m2.cache/org/jetbrains/kotlinx/kotlinx-serialization-core-jvm/1.8.1/kotlinx-serialization-core-jvm-1.8.1.jar' CREATED, '/home/codespace/.cache/JetBrains/Amper/.m2.cache/io/ktor/ktor-network-jvm/3.2.3/ktor-network-jvm-3.2.3.jar' CREATED, '/home/codespace/.cache/JetBrains/Amper/.m2.cache/org/jetbrains/kotlin/kotlin-stdlib-jdk7/1.8.0/kotlin-stdlib-jdk7-1.8.0.jar' CREATED, '/home/codespace/.cache/JetBrains/Amper/.m2.cache/it/krzeminski/snakeyaml-engine-kmp-jvm/3.1.1/snakeyaml-engine-kmp-jvm-3.1.1.jar' CREATED, '/home/codespace/.cache/JetBrains/Amper/.m2.cache/com/squareup/okio/okio-jvm/3.11.0/okio-jvm-3.11.0.jar' CREATED, '/home/codespace/.cache/JetBrains/Amper/.m2.cache/org/jetbrains/kotlinx/kotlinx-io-core-jvm/0.7.0/kotlinx-io-core-jvm-0.7.0.jar' CREATED, '/home/codespace/.cache/JetBrains/Amper/.m2.cache/net/thauvin/erik/urlencoder/urlencoder-lib-jvm/1.6.0/urlencoder-lib-jvm-1.6.0.jar' CREATED, '/home/codespace/.cache/JetBrains/Amper/.m2.cache/org/jetbrains/kotlinx/kotlinx-io-bytestring-jvm/0.7.0/kotlinx-io-bytestring-jvm-0.7.0.jar' CREATED
00:21.715 DEBUG :Library-book-search:resolveDependenciesJvm IncrementalCache          [inc] finished ':Library-book-search:resolveDependenciesJvm' in 6.132642218s
00:21.734 DEBUG :Library-book-search:resolveDependenciesJvm IncrementalCache          [inc] ':Library-book-search:resolveDependenciesJvm' changes: '/home/codespace/.cache/JetBrains/Amper/.m2.cache/ch/qos/logback/logback-classic/1.5.22/logback-classic-1.5.22.jar' CREATED, '/home/codespace/.cache/JetBrains/Amper/.m2.cache/ch/qos/logback/logback-core/1.5.22/logback-core-1.5.22.jar' CREATED, '/home/codespace/.cache/JetBrains/Amper/.m2.cache/com/charleskorn/kaml/kaml-jvm/0.77.1/kaml-jvm-0.77.1.jar' CREATED, '/home/codespace/.cache/JetBrains/Amper/.m2.cache/com/squareup/okio/okio-jvm/3.11.0/okio-jvm-3.11.0.jar' CREATED, '/home/codespace/.cache/JetBrains/Amper/.m2.cache/com/typesafe/config/1.4.3/config-1.4.3.jar' CREATED, '/home/codespace/.cache/JetBrains/Amper/.m2.cache/io/ktor/ktor-events-jvm/3.2.3/ktor-events-jvm-3.2.3.jar' CREATED, '/home/codespace/.cache/JetBrains/Amper/.m2.cache/io/ktor/ktor-http-cio-jvm/3.2.3/ktor-http-cio-jvm-3.2.3.jar' CREATED, '/home/codespace/.cache/JetBrains/Amper/.m2.cache/io/ktor/ktor-http-jvm/3.2.3/ktor-http-jvm-3.2.3.jar' CREATED, '/home/codespace/.cache/JetBrains/Amper/.m2.cache/io/ktor/ktor-io-jvm/3.2.3/ktor-io-jvm-3.2.3.jar' CREATED, '/home/codespace/.cache/JetBrains/Amper/.m2.cache/io/ktor/ktor-network-jvm/3.2.3/ktor-network-jvm-3.2.3.jar' CREATED, '/home/codespace/.cache/JetBrains/Amper/.m2.cache/io/ktor/ktor-serialization-jvm/3.2.3/ktor-serialization-jvm-3.2.3.jar' CREATED, '/home/codespace/.cache/JetBrains/Amper/.m2.cache/io/ktor/ktor-server-config-yaml-jvm/3.2.3/ktor-server-config-yaml-jvm-3.2.3.jar' CREATED, '/home/codespace/.cache/JetBrains/Amper/.m2.cache/io/ktor/ktor-server-core-jvm/3.2.3/ktor-server-core-jvm-3.2.3.jar' CREATED, '/home/codespace/.cache/JetBrains/Amper/.m2.cache/io/ktor/ktor-server-html-builder-jvm/3.2.3/ktor-server-html-builder-jvm-3.2.3.jar' CREATED, '/home/codespace/.cache/JetBrains/Amper/.m2.cache/io/ktor/ktor-server-netty-jvm/3.2.3/ktor-server-netty-jvm-3.2.3.jar' CREATED, '/home/codespace/.cache/JetBrains/Amper/.m2.cache/io/ktor/ktor-server-status-pages-jvm/3.2.3/ktor-server-status-pages-jvm-3.2.3.jar' CREATED, '/home/codespace/.cache/JetBrains/Amper/.m2.cache/io/ktor/ktor-utils-jvm/3.2.3/ktor-utils-jvm-3.2.3.jar' CREATED, '/home/codespace/.cache/JetBrains/Amper/.m2.cache/io/ktor/ktor-websockets-jvm/3.2.3/ktor-websockets-jvm-3.2.3.jar' CREATED, '/home/codespace/.cache/JetBrains/Amper/.m2.cache/io/netty/netty-buffer/4.2.2.Final/netty-buffer-4.2.2.Final.jar' CREATED, '/home/codespace/.cache/JetBrains/Amper/.m2.cache/io/netty/netty-codec-base/4.2.2.Final/netty-codec-base-4.2.2.Final.jar' CREATED, '/home/codespace/.cache/JetBrains/Amper/.m2.cache/io/netty/netty-codec-compression/4.2.2.Final/netty-codec-compression-4.2.2.Final.jar' CREATED, '/home/codespace/.cache/JetBrains/Amper/.m2.cache/io/netty/netty-codec-http/4.2.2.Final/netty-codec-http-4.2.2.Final.jar' CREATED, '/home/codespace/.cache/JetBrains/Amper/.m2.cache/io/netty/netty-codec-http2/4.2.2.Final/netty-codec-http2-4.2.2.Final.jar' CREATED, '/home/codespace/.cache/JetBrains/Amper/.m2.cache/io/netty/netty-common/4.2.2.Final/netty-common-4.2.2.Final.jar' CREATED, '/home/codespace/.cache/JetBrains/Amper/.m2.cache/io/netty/netty-handler/4.2.2.Final/netty-handler-4.2.2.Final.jar' CREATED, '/home/codespace/.cache/JetBrains/Amper/.m2.cache/io/netty/netty-resolver/4.2.2.Final/netty-resolver-4.2.2.Final.jar' CREATED, '/home/codespace/.cache/JetBrains/Amper/.m2.cache/io/netty/netty-transport-classes-epoll/4.2.2.Final/netty-transport-classes-epoll-4.2.2.Final.jar' CREATED, '/home/codespace/.cache/JetBrains/Amper/.m2.cache/io/netty/netty-transport-classes-kqueue/4.2.2.Final/netty-transport-classes-kqueue-4.2.2.Final.jar' CREATED, '/home/codespace/.cache/JetBrains/Amper/.m2.cache/io/netty/netty-transport-native-epoll/4.2.2.Final/netty-transport-native-epoll-4.2.2.Final.jar' CREATED, '/home/codespace/.cache/JetBrains/Amper/.m2.cache/io/netty/netty-transport-native-kqueue/4.2.2.Final/netty-transport-native-kqueue-4.2.2.Final.jar' CREATED, '/home/codespace/.cache/JetBrains/Amper/.m2.cache/io/netty/netty-transport-native-unix-common/4.2.2.Final/netty-transport-native-unix-common-4.2.2.Final.jar' CREATED, '/home/codespace/.cache/JetBrains/Amper/.m2.cache/io/netty/netty-transport/4.2.2.Final/netty-transport-4.2.2.Final.jar' CREATED, '/home/codespace/.cache/JetBrains/Amper/.m2.cache/it/krzeminski/snakeyaml-engine-kmp-jvm/3.1.1/snakeyaml-engine-kmp-jvm-3.1.1.jar' CREATED, '/home/codespace/.cache/JetBrains/Amper/.m2.cache/net/mamoe/yamlkt/yamlkt-jvm/0.13.0/yamlkt-jvm-0.13.0.jar' CREATED, '/home/codespace/.cache/JetBrains/Amper/.m2.cache/net/thauvin/erik/urlencoder/urlencoder-lib-jvm/1.6.0/urlencoder-lib-jvm-1.6.0.jar' CREATED, '/home/codespace/.cache/JetBrains/Amper/.m2.cache/org/eclipse/jetty/alpn/alpn-api/1.1.3.v20160715/alpn-api-1.1.3.v20160715.jar' CREATED, '/home/codespace/.cache/JetBrains/Amper/.m2.cache/org/fusesource/jansi/jansi/2.4.2/jansi-2.4.2.jar' CREATED, '/home/codespace/.cache/JetBrains/Amper/.m2.cache/org/jetbrains/annotations/23.0.0/annotations-23.0.0.jar' CREATED, '/home/codespace/.cache/JetBrains/Amper/.m2.cache/org/jetbrains/kotlin/kotlin-reflect/2.1.21/kotlin-reflect-2.1.21.jar' CREATED, '/home/codespace/.cache/JetBrains/Amper/.m2.cache/org/jetbrains/kotlin/kotlin-stdlib-jdk7/1.8.0/kotlin-stdlib-jdk7-1.8.0.jar' CREATED, '/home/codespace/.cache/JetBrains/Amper/.m2.cache/org/jetbrains/kotlin/kotlin-stdlib-jdk8/1.8.0/kotlin-stdlib-jdk8-1.8.0.jar' CREATED, '/home/codespace/.cache/JetBrains/Amper/.m2.cache/org/jetbrains/kotlin/kotlin-stdlib/2.2.21/kotlin-stdlib-2.2.21.jar' CREATED, '/home/codespace/.cache/JetBrains/Amper/.m2.cache/org/jetbrains/kotlinx/kotlinx-coroutines-core-jvm/1.10.2/kotlinx-coroutines-core-jvm-1.10.2.jar' CREATED, '/home/codespace/.cache/JetBrains/Amper/.m2.cache/org/jetbrains/kotlinx/kotlinx-html-jvm/0.12.0/kotlinx-html-jvm-0.12.0.jar' CREATED, '/home/codespace/.cache/JetBrains/Amper/.m2.cache/org/jetbrains/kotlinx/kotlinx-io-bytestring-jvm/0.7.0/kotlinx-io-bytestring-jvm-0.7.0.jar' CREATED, '/home/codespace/.cache/JetBrains/Amper/.m2.cache/org/jetbrains/kotlinx/kotlinx-io-core-jvm/0.7.0/kotlinx-io-core-jvm-0.7.0.jar' CREATED, '/home/codespace/.cache/JetBrains/Amper/.m2.cache/org/jetbrains/kotlinx/kotlinx-serialization-core-jvm/1.8.1/kotlinx-serialization-core-jvm-1.8.1.jar' CREATED, '/home/codespace/.cache/JetBrains/Amper/.m2.cache/org/slf4j/slf4j-api/2.0.17/slf4j-api-2.0.17.jar' CREATED
00:21.744 DEBUG :Library-book-search:resolveDependenciesJvm ResolveExternalDependenciesTask resolve dependencies Library-book-search -- main -- io.ktor:ktor-bom:3.2.3 io.ktor:ktor-server-core:3.2.3 io.ktor:ktor-server-html-builder:3.2.3 io.ktor:ktor-server-netty:3.2.3 io.ktor:ktor-server-status-pages:3.2.3 org.jetbrains.kotlin:kotlin-stdlib:2.2.21 -- resolvePlatform=JVM nativeTarget=null
wasmTarget=null
https://repo1.maven.org/maven2 https://maven.google.com https://maven.pkg.jetbrains.space/public/p/compose/dev resolved to:
  .m2.cache/org/jetbrains/kotlin/kotlin-stdlib/2.2.21/kotlin-stdlib-2.2.21.jar
  .m2.cache/io/ktor/ktor-server-core-jvm/3.2.3/ktor-server-core-jvm-3.2.3.jar
  .m2.cache/io/ktor/ktor-server-status-pages-jvm/3.2.3/ktor-server-status-pages-jvm-3.2.3.jar
  .m2.cache/io/ktor/ktor-server-html-builder-jvm/3.2.3/ktor-server-html-builder-jvm-3.2.3.jar
  .m2.cache/io/ktor/ktor-server-netty-jvm/3.2.3/ktor-server-netty-jvm-3.2.3.jar
  .m2.cache/org/jetbrains/annotations/23.0.0/annotations-23.0.0.jar
  .m2.cache/org/slf4j/slf4j-api/2.0.17/slf4j-api-2.0.17.jar
  .m2.cache/com/typesafe/config/1.4.3/config-1.4.3.jar
  .m2.cache/org/jetbrains/kotlin/kotlin-reflect/2.1.21/kotlin-reflect-2.1.21.jar
  .m2.cache/io/netty/netty-codec-http2/4.2.2.Final/netty-codec-http2-4.2.2.Final.jar
  .m2.cache/org/eclipse/jetty/alpn/alpn-api/1.1.3.v20160715/alpn-api-1.1.3.v20160715.jar
  .m2.cache/io/netty/netty-transport-native-kqueue/4.2.2.Final/netty-transport-native-kqueue-4.2.2.Final.jar
  .m2.cache/io/netty/netty-transport-native-epoll/4.2.2.Final/netty-transport-native-epoll-4.2.2.Final.jar
  .m2.cache/org/jetbrains/kotlinx/kotlinx-coroutines-core-jvm/1.10.2/kotlinx-coroutines-core-jvm-1.10.2.jar
  .m2.cache/io/ktor/ktor-utils-jvm/3.2.3/ktor-utils-jvm-3.2.3.jar
  .m2.cache/io/ktor/ktor-http-jvm/3.2.3/ktor-http-jvm-3.2.3.jar
  .m2.cache/io/ktor/ktor-serialization-jvm/3.2.3/ktor-serialization-jvm-3.2.3.jar
  .m2.cache/io/ktor/ktor-events-jvm/3.2.3/ktor-events-jvm-3.2.3.jar
  .m2.cache/io/ktor/ktor-http-cio-jvm/3.2.3/ktor-http-cio-jvm-3.2.3.jar
  .m2.cache/io/ktor/ktor-websockets-jvm/3.2.3/ktor-websockets-jvm-3.2.3.jar
  .m2.cache/org/jetbrains/kotlinx/kotlinx-html-jvm/0.12.0/kotlinx-html-jvm-0.12.0.jar
  .m2.cache/io/netty/netty-common/4.2.2.Final/netty-common-4.2.2.Final.jar
  .m2.cache/io/netty/netty-buffer/4.2.2.Final/netty-buffer-4.2.2.Final.jar
  .m2.cache/io/netty/netty-transport/4.2.2.Final/netty-transport-4.2.2.Final.jar
  .m2.cache/io/netty/netty-codec-base/4.2.2.Final/netty-codec-base-4.2.2.Final.jar
  .m2.cache/io/netty/netty-handler/4.2.2.Final/netty-handler-4.2.2.Final.jar
  .m2.cache/io/netty/netty-codec-http/4.2.2.Final/netty-codec-http-4.2.2.Final.jar
  .m2.cache/io/netty/netty-transport-native-unix-common/4.2.2.Final/netty-transport-native-unix-common-4.2.2.Final.jar
  .m2.cache/io/netty/netty-transport-classes-kqueue/4.2.2.Final/netty-transport-classes-kqueue-4.2.2.Final.jar
  .m2.cache/io/netty/netty-transport-classes-epoll/4.2.2.Final/netty-transport-classes-epoll-4.2.2.Final.jar
  .m2.cache/io/netty/netty-resolver/4.2.2.Final/netty-resolver-4.2.2.Final.jar
  .m2.cache/io/netty/netty-codec-compression/4.2.2.Final/netty-codec-compression-4.2.2.Final.jar
  .m2.cache/io/ktor/ktor-io-jvm/3.2.3/ktor-io-jvm-3.2.3.jar
  .m2.cache/org/jetbrains/kotlinx/kotlinx-serialization-core-jvm/1.8.1/kotlinx-serialization-core-jvm-1.8.1.jar
  .m2.cache/io/ktor/ktor-network-jvm/3.2.3/ktor-network-jvm-3.2.3.jar
  .m2.cache/org/jetbrains/kotlinx/kotlinx-io-core-jvm/0.7.0/kotlinx-io-core-jvm-0.7.0.jar
  .m2.cache/org/jetbrains/kotlinx/kotlinx-io-bytestring-jvm/0.7.0/kotlinx-io-bytestring-jvm-0.7.0.jar
00:21.747 DEBUG :Library-book-search:compileJvm JvmCompileTask            compile Library-book-search -- main
00:21.888 DEBUG :Library-book-search:compileJvm ExtractKt                 Skipping extract to /home/codespace/.cache/JetBrains/Amper/extract.cache/b1fa834a91-amazon-corretto-21.0.1.12.1-linux-x64.tar.gz.720fe1.d since flag file /home/codespace/.cache/JetBrains/Amper/extract.cache/b1fa834a91-amazon-corretto-21.0.1.12.1-linux-x64.tar.gz.720fe1.d.flag is correct
00:21.900 DEBUG :Library-book-search:compileJvm StateKt                   [inc] state file is missing or empty at '/workspaces/2850MiniProject/Library-book-search/build/incremental.state/_Library-book-search_compileJvm-82625c0ce7' -> cache miss
00:21.901 DEBUG :Library-book-search:compileJvm IncrementalCache          [inc] building ':Library-book-search:compileJvm'
00:21.961 DEBUG :Library-book-search:compileJvm IncrementalCache          [inc] up-to-date according to state file at '/workspaces/2850MiniProject/Library-book-search/build/incremental.state/resolve-org.jetbrains.kotlin-kotlin-build-tools-im-439d3d0dbf' in 50.487537ms
00:21.963 DEBUG :Library-book-search:compileJvm IncrementalCache          [inc] 'resolve-org.jetbrains.kotlin-kotlin-build-tools-impl-2.2.21' is up-to-date
00:22.631 INFO  :Library-book-search:compileJvm JvmCompileTask            Compiling module 'Library-book-search' for platform 'jvm'...
00:22.763 DEBUG :Library-book-search:compileJvm KotlinBuildToolsApiKt     Compiling using the in-process strategy
00:24.017 DEBUG :Library-book-search:compileJvm KotlinBuildToolsApiKt     Using Kotlin home directory <no_path>
00:24.031 DEBUG :Library-book-search:compileJvm KotlinBuildToolsApiKt     Configuring the compilation environment
00:24.660 DEBUG :Library-book-search:compileJvm KotlinBuildToolsApiKt     Using JDK home directory /home/codespace/.cache/JetBrains/Amper/extract.cache/b1fa834a91-amazon-corretto-21.0.1.12.1-linux-x64.tar.gz.720fe1.d
00:27.923 DEBUG :Library-book-search:compileJvm KotlinBuildToolsApiKt     Loading modules: [java.se, jdk.accessibility, jdk.attach, jdk.compiler, jdk.dynalink, jdk.httpserver, jdk.incubator.vector, jdk.jartool, jdk.javadoc, jdk.jconsole, jdk.jdi, jdk.jfr, jdk.jshell, jdk.jsobject, jdk.management, jdk.management.jfr, jdk.net, jdk.nio.mapmode, jdk.sctp, jdk.security.auth, jdk.security.jgss, jdk.unsupported, jdk.unsupported.desktop, jdk.xml.dom, java.base, java.compiler, java.datatransfer, java.desktop, java.xml, java.instrument, java.logging, java.management, java.management.rmi, java.rmi, java.naming, java.net.http, java.prefs, java.scripting, java.security.jgss, java.security.sasl, java.sql, java.transaction.xa, java.sql.rowset, java.xml.crypto, jdk.internal.jvmstat, jdk.internal.opt, jdk.zipfs, jdk.management.agent, jdk.jdwp.agent, jdk.internal.ed, jdk.internal.le]
00:33.334 ERROR :Library-book-search:compileJvm KotlinBuildToolsApiKt     file:///workspaces/2850MiniProject/Library-book-search/src/Application.kt:17:22 Unresolved reference 'InputStream'.
00:33.339 ERROR :Library-book-search:compileJvm KotlinBuildToolsApiKt     file:///workspaces/2850MiniProject/Library-book-search/src/Application.kt:18:44 Cannot infer type for type parameter 'T'. Specify it explicitly.
00:33.347 ERROR :Library-book-search:compileJvm KotlinBuildToolsApiKt     file:///workspaces/2850MiniProject/Library-book-search/src/Application.kt:18:44 Cannot infer type for type parameter 'R'. Specify it explicitly.
00:33.352 ERROR :Library-book-search:compileJvm KotlinBuildToolsApiKt     file:///workspaces/2850MiniProject/Library-book-search/src/Application.kt:18:44 Unresolved reference. None of the following candidates is applicable because of a receiver type mismatch:
fun <T : Closeable?, R> T.use(block: (T) -> R): R
00:33.362 ERROR :Library-book-search:compileJvm KotlinBuildToolsApiKt     file:///workspaces/2850MiniProject/Library-book-search/src/Application.kt:18:48 Cannot infer type for type parameter 'T'. Specify it explicitly.
00:33.368 ERROR :Library-book-search:compileJvm KotlinBuildToolsApiKt     file:///workspaces/2850MiniProject/Library-book-search/src/Routing.kt:53:13 Expression is treated as a trailing lambda argument; consider separating it from the call with semicolon.
00:33.374 ERROR :Library-book-search:compileJvm KotlinBuildToolsApiKt     file:///workspaces/2850MiniProject/Library-book-search/src/Routing.kt:53:14 Syntax error: Expecting an element.
00:33.383 ERROR :Library-book-search:compileJvm KotlinBuildToolsApiKt     file:///workspaces/2850MiniProject/Library-book-search/src/Routing.kt:53:16 Method 'iterator()' is ambiguous for this expression. Applicable candidates:
fun <T> Enumeration<T>.iterator(): Iterator<T>
fun <T> Iterator<T>.iterator(): Iterator<T>
fun <K, V> Map<out K, V>.iterator(): Iterator<Map.Entry<K, V>>
fun <K, V> MutableMap<K, V>.iterator(): MutableIterator<MutableMap.MutableEntry<K, V>>
fun CharSequence.iterator(): CharIterator
fun BufferedInputStream.iterator(): ByteIterator
00:33.388 ERROR :Library-book-search:compileJvm KotlinBuildToolsApiKt     file:///workspaces/2850MiniProject/Library-book-search/src/Routing.kt:53:19 Syntax error: Expecting '(' to open a loop range.
00:33.391 ERROR :Library-book-search:compileJvm KotlinBuildToolsApiKt     file:///workspaces/2850MiniProject/Library-book-search/src/Routing.kt:53:37 Syntax error: Expecting an element.
00:33.416 DEBUG :Library-book-search:compileJvm JvmCompileTask            Kotlin compiler finalization...
