JetBrains Amper version 0.9.2 (80094bb, 2025-12-11)
running on Linux 6.8.0-1044-azure jvm arch amd64

00:22.631 INFO  :Library-book-search:compileJvm JvmCompileTask            Compiling module 'Library-book-search' for platform 'jvm'...
00:33.334 ERROR :Library-book-search:compileJvm KotlinBuildToolsApiKt     file:///workspaces/2850MiniProject/Library-book-search/src/Application.kt:17:22 Unresolved reference 'InputStream'.
00:33.339 ERROR :Library-book-search:compileJvm KotlinBuildToolsApiKt     file:///workspaces/2850MiniProject/Library-book-search/src/Application.kt:18:44 Cannot infer type for type parameter 'T'. Specify it explicitly.
00:33.347 ERROR :Library-book-search:compileJvm KotlinBuildToolsApiKt     file:///workspaces/2850MiniProject/Library-book-search/src/Application.kt:18:44 Cannot infer type for type parameter 'R'. Specify it explicitly.
00:33.352 ERROR :Library-book-search:compileJvm KotlinBuildToolsApiKt     file:///workspaces/2850MiniProject/Library-book-search/src/Application.kt:18:44 Unresolved reference. None of the following candidates is applicable because of a receiver type mismatch:
fun <T : Closeable?, R> T.use(block: (T) -> R): R
00:33.362 ERROR :Library-book-search:compileJvm KotlinBuildToolsApiKt     file:///workspaces/2850MiniProject/Library-book-search/src/Application.kt:18:48 Cannot infer type for type parameter 'T'. Specify it explicitly.
00:33.368 ERROR :Library-book-search:compileJvm KotlinBuildToolsApiKt     file:///workspaces/2850MiniProject/Library-book-search/src/Routing.kt:53:13 Expression is treated as a trailing lambda argument; consider separating it from the call with semicolon.
00:33.374 ERROR :Library-book-search:compileJvm KotlinBuildToolsApiKt     file:///workspaces/2850MiniProject/Library-book-search/src/Routing.kt:53:14 Syntax error: Expecting an element.
00:33.383 ERROR :Library-book-search:compileJvm KotlinBuildToolsApiKt     file:///workspaces/2850MiniProject/Library-book-search/src/Routing.kt:53:16 Method 'iterator()' is ambiguous for this expression. Applicable candidates:
fun <T> Enumeration<T>.iterator(): Iterator<T>
fun <T> Iterator<T>.iterator(): Iterator<T>
fun <K, V> Map<out K, V>.iterator(): Iterator<Map.Entry<K, V>>
fun <K, V> MutableMap<K, V>.iterator(): MutableIterator<MutableMap.MutableEntry<K, V>>
fun CharSequence.iterator(): CharIterator
fun BufferedInputStream.iterator(): ByteIterator
00:33.388 ERROR :Library-book-search:compileJvm KotlinBuildToolsApiKt     file:///workspaces/2850MiniProject/Library-book-search/src/Routing.kt:53:19 Syntax error: Expecting '(' to open a loop range.
00:33.391 ERROR :Library-book-search:compileJvm KotlinBuildToolsApiKt     file:///workspaces/2850MiniProject/Library-book-search/src/Routing.kt:53:37 Syntax error: Expecting an element.
